../Core/Src/car.c:12:6:CAR_MovementInit	8	static
../Core/Src/car.c:17:6:CAR_MoveForward	8	static
../Core/Src/car.c:25:6:CAR_MoveBackWard	8	static
../Core/Src/car.c:33:6:CAR_MoveRight	8	static
../Core/Src/car.c:41:6:CAR_MoveLeft	8	static
../Core/Src/car.c:51:6:CAR_STOP	8	static
../Core/Src/car.c:57:6:CAR_FirstSpeed	8	static
../Core/Src/car.c:62:6:CAR_SecondSpeed	8	static
../Core/Src/car.c:67:6:CAR_ThirdSpeed	8	static
../Core/Src/car.c:73:6:CAR_FourthSpeed	8	static
../Core/Src/car.c:78:6:CAR_FifthSpeed	8	static
