../Core/Src/car.c:13:6:CAR_Movement_Init	8	static
../Core/Src/car.c:24:6:CAR_Moveforward	8	static
../Core/Src/car.c:32:6:CAR_MovebackWard	8	static
../Core/Src/car.c:40:6:CAR_Moveright	8	static
../Core/Src/car.c:48:6:CAR_Moveleft	8	static
../Core/Src/car.c:58:6:CAR_sTOP	8	static
../Core/Src/car.c:64:6:CAR_firstSpeed	8	static
../Core/Src/car.c:69:6:CAR_secondSpeed	8	static
../Core/Src/car.c:74:6:CAR_thirdSpeed	8	static
../Core/Src/car.c:80:6:CAR_fourthSpeed	8	static
../Core/Src/car.c:85:6:CAR_fifthSpeed	8	static
